
Set the java environment

sudo nano /etc/default/tomcat9
add the below end of file the restart the tomcat service
JAVA_HOME=/usr/lib/jvm/java-17-openjdk-amd64
sudo systemctl restart tomcat9



https://www.fosstechnix.com/deploy-war-file-in-tomcat-2-steps/

Java root path directory : /opt/tomcat/webapps
First, as always, update your APT.
$ sudo apt update
Step 1: Install java

Step 2: Install Tomcat

- Check for Tomcat in Repository
$ sudo apt-cache search tomcat
- Download and install Tomcat
$ sudo apt install tomcat9 tomcat9-admin
- When the download is finished, it will install the Apache Tomcat Server, which will start up automatically. For verification, type the following ss command, which will show you the 8080 open port number, the default open port reserved for Apache Tomcat Server.
$ ss -ltn
- Change Tomcat Settings
$ sudo systemctl enable tomcat9
- Create User
$ sudo nano /etc/tomcat9/tomcat-users.xml
- Add Tagged Lines
<role rolename="manager-gui"/>
<role rolename="admin-gui"/>
<user username="tomcat" password="my-password" roles="standard,admin-gui,manager-gui"/>
- Restart Tomcat
$ sudo systemctl restart tomcat9
//$ sudo systemctl start tomcat9
//$ sudo systemctl stop tomcat9
Step 3 - Install proxy

$ sudo apt-get install nginx
$ sudo systemctl stop nginx.service
$ sudo systemctl start nginx.service
$ sudo systemctl enable nginx.service
$ sudo nano /etc/nginx/sites-available/example


server {
	listen 80;
	listen [::]:80;
	server_name  47.254.123.50, abc.com;![tomcat](https://user-images.githubusercontent.com/61933071/116106648-82a80f00-a6dc-11eb-8647-f329586dd216.png)![tomcat](https://user-images.githubusercontent.com/61933071/116106672-89368680-a6dc-11eb-9424-93548d608c86.png)



	proxy_redirect           off;
	proxy_set_header         X-Real-IP $remote_addr;
	proxy_set_header         X-Forwarded-For $proxy_add_x_forwarded_for;
	proxy_set_header         Host $http_host;

	location / {
			proxy_pass http://127.0.0.1:8080;
		}
}
// server_name is public ip or domain name
$ sudo ln -s /etc/nginx/sites-available/example /etc/nginx/sites-enabled/
$ sudo systemctl restart nginx.service
Step 4: Install mysql

$ sudo apt install mysql-server
$ sudo mysql_secure_installation
$ sudo systemctl status mysql
$ sudo systemctl start mysql
$ sudo systemctl stop mysql
$ sudo mysql -u root -h localhost -p
//Then set password for user root in mysql
Fix error: 413 Request Entity Too Large on Nginx

$ sudo nano /etc/nginx/nginx.conf

http {
    ...
    # Set value 'client_max_body_size'
    client_max_body_size 100M;
    ...
}


$ sudo nginx -s reload
-------------------------------------------------------------------------------------------------------
ssl certificate config file
ubuntu@ip-172-31-46-215:/etc/nginx/sites-available$ cat ssl.conf
server {
        listen 80;
        listen [::]:80;
        server_name java.rithvik.shop;



        proxy_redirect           off;
        proxy_set_header         X-Real-IP $remote_addr;
        proxy_set_header         X-Forwarded-For $proxy_add_x_forwarded_for;
        proxy_set_header         Host $http_host;

        location / {
                        proxy_pass http://127.0.0.1:8080;
                }
}
----------------------------------------------------------------------------------------------------------------------------
ubuntu@ip-172-31-46-215:/etc/nginx/sites-available$


https://www.fosstechnix.com/deploy-war-file-in-tomcat-2-steps/

